INFO:IMAGEENCODER MODULE:[21:21:27]: Getting the image encoder...
DEBUG:IMAGEENCODER MODULE:[21:21:27]: Loading the image encoder...
DEBUG:DATASET MODULE:[21:21:27]: Loading the image dataset...
DEBUG:DATASET MODULE:[21:21:27]: Loading the base dataset...
DEBUG:image encoder dataset:[21:21:27]: Successfully loaded the base dataset without data!
WARNING:DATASET MODULE:[21:21:27]: Partially loaded the image dataset with missing training data!
INFO:image encoder dataset:[21:21:27]: Loading the sample data...
INFO:image encoder dataset:[21:21:27]: Loading examples data [image filepaths]...
DEBUG:image encoder dataset:[21:21:27]: Setting the examples data tensor function...
DEBUG:image encoder dataset:[21:21:27]: Successfully set the examples data tensor function!
INFO:image encoder dataset:[21:21:27]: Loading sample data [image filepaths]...
DEBUG:image encoder dataset:[21:21:27]: Getting data tensor for image filepaths...
DEBUG:UNLABELED TENSOR FUNCTION:[21:21:27]: Running UNLABELED TENSOR FUNCTION...
DEBUG:Importing JpegImagePlugin
DEBUG:UNLABELED TENSOR FUNCTION:[21:21:38]: Successfully ran UNLABELED TENSOR FUNCTION!
DEBUG:image encoder dataset:[21:21:38]: Successfully retrieved data tensor!
DEBUG:image encoder dataset:[21:21:38]: Successfully retrieved the training and test data tensors for image_filepaths!
INFO:image encoder dataset:[21:21:38]: Successfully loaded examples data!
INFO:image encoder dataset:[21:21:38]: Loading labels data [context data]...
DEBUG:image encoder dataset:[21:21:38]: Setting the labels data tensor function...
DEBUG:image encoder dataset:[21:21:38]: Successfully set the labels data tensor function!
INFO:image encoder dataset:[21:21:38]: Loading sample data [context data]...
DEBUG:image encoder dataset:[21:21:38]: Getting data tensor for context data...
DEBUG:UNLABELED TENSOR FUNCTION:[21:21:38]: Running UNLABELED TENSOR FUNCTION...
DEBUG:UNLABELED TENSOR FUNCTION:[21:21:38]: Successfully ran UNLABELED TENSOR FUNCTION!
DEBUG:image encoder dataset:[21:21:38]: Successfully retrieved data tensor!
DEBUG:image encoder dataset:[21:21:38]: Successfully retrieved the training and test data tensors for context_data!
INFO:image encoder dataset:[21:21:38]: Successfully loaded labels data!
DEBUG:MODEL MODULE:[21:21:38]: Loading the CNN model...
INFO:MODEL MODULE:[21:21:38]: Retrieving model settings from /Users/91cupsofjoe-dev/Projects/interview-style-vlm/model/model_settings.json...
INFO:MODEL MODULE:[21:21:38]: Successfully retrieved model settings for cnn!
DEBUG:image encoder:[21:21:38]: Getting layers for the model convolution sequence...
DEBUG:LAYER MODULE:[21:21:38]: Loading the convolution layer [convolution_layer #1]...
DEBUG:LAYER MODULE:[21:21:38]: Successfully loaded the convolution layer!
DEBUG:LAYER MODULE:[21:21:38]: Loading the convolution layer [convolution_layer #2]...
DEBUG:LAYER MODULE:[21:21:38]: Successfully loaded the convolution layer!
DEBUG:LAYER MODULE:[21:21:38]: Loading the convolution layer [convolution_layer #3]...
DEBUG:LAYER MODULE:[21:21:38]: Successfully loaded the convolution layer!
DEBUG:LAYER MODULE:[21:21:38]: Loading the convolution layer [convolution_layer #4]...
DEBUG:LAYER MODULE:[21:21:38]: Successfully loaded the convolution layer!
DEBUG:image encoder:[21:21:38]: Successfully retrieved the sequence layers!
DEBUG:image encoder:[21:21:38]: Getting layers for the model projection sequence...
DEBUG:LAYER MODULE:[21:21:38]: Loading the projection layer [projection_layer #1]...
DEBUG:LAYER MODULE:[21:21:39]: Successfully loaded the projection layer!
DEBUG:LAYER MODULE:[21:21:39]: Loading the projection layer [projection_layer #2]...
DEBUG:LAYER MODULE:[21:21:39]: Successfully loaded the projection layer!
DEBUG:image encoder:[21:21:39]: Successfully retrieved the sequence layers!
DEBUG:image encoder:[21:21:39]: Loading the base model...
INFO:image encoder:[21:21:39]: Set the model dataset!
DEBUG:image encoder:[21:21:39]: Successfully loaded the base model!
DEBUG:MODEL MODULE:[21:21:39]: Successfully loaded the CNN model!
DEBUG:IMAGEENCODER MODULE:[21:21:39]: Successfully loaded the Transformer model!
INFO:IMAGEENCODER MODULE:[21:21:39]: Successfully retrieved the image encoder!
INFO:image encoder:[21:21:39]: Training the model...
DEBUG:image encoder dataset:[21:21:39]: Getting training data tensors...
DEBUG:image encoder dataset:[21:21:39]: Successfully retrieved training data tensors!
DEBUG:image encoder:[21:21:39]: Successfully retrieved the training examples and target labels tensors!
DEBUG:image encoder:[21:21:39]: Getting the crossvalidation sets...
DEBUG:image encoder:[21:21:39]: Successfully retrieved the crossvalidation sets!
DEBUG:image encoder:[21:21:39]: Running the training loop...
DEBUG:image encoder:[21:21:39]: Running model forward pass...
DEBUG:convolution layer #1:[21:21:39]: Performing convolution layer #1 forward function...
DEBUG:conv2d function #1:[21:21:39]: Running conv2d...
DEBUG:conv2d function #1:[21:21:39]: Successfully ran conv2d!
DEBUG:relu function #1:[21:21:39]: Running relu...
DEBUG:relu function #1:[21:21:39]: Successfully ran relu!
DEBUG:pool function #1:[21:21:39]: Running pool...
DEBUG:pool function #1:[21:21:39]: Successfully ran pool!
DEBUG:convolution layer #1:[21:21:39]: Successfully performed convolution layer #1 forward function!
DEBUG:convolution layer #2:[21:21:39]: Performing convolution layer #2 forward function...
DEBUG:conv2d function #1:[21:21:39]: Running conv2d...
DEBUG:conv2d function #1:[21:21:39]: Successfully ran conv2d!
DEBUG:relu function #1:[21:21:39]: Running relu...
DEBUG:relu function #1:[21:21:39]: Successfully ran relu!
DEBUG:pool function #1:[21:21:39]: Running pool...
DEBUG:pool function #1:[21:21:39]: Successfully ran pool!
DEBUG:convolution layer #2:[21:21:39]: Successfully performed convolution layer #2 forward function!
DEBUG:convolution layer #3:[21:21:39]: Performing convolution layer #3 forward function...
DEBUG:conv2d function #1:[21:21:39]: Running conv2d...
DEBUG:conv2d function #1:[21:21:39]: Successfully ran conv2d!
DEBUG:relu function #1:[21:21:39]: Running relu...
DEBUG:relu function #1:[21:21:39]: Successfully ran relu!
DEBUG:pool function #1:[21:21:39]: Running pool...
DEBUG:pool function #1:[21:21:39]: Successfully ran pool!
DEBUG:convolution layer #3:[21:21:39]: Successfully performed convolution layer #3 forward function!
DEBUG:convolution layer #4:[21:21:39]: Performing convolution layer #4 forward function...
DEBUG:conv2d function #1:[21:21:39]: Running conv2d...
DEBUG:conv2d function #1:[21:21:39]: Successfully ran conv2d!
DEBUG:relu function #1:[21:21:39]: Running relu...
DEBUG:relu function #1:[21:21:40]: Successfully ran relu!
DEBUG:pool function #1:[21:21:40]: Running pool...
DEBUG:pool function #1:[21:21:40]: Successfully ran pool!
DEBUG:convolution layer #4:[21:21:40]: Successfully performed convolution layer #4 forward function!
DEBUG:projection layer #1:[21:21:40]: Performing projection layer #1 forward function...
DEBUG:flatten function #1:[21:21:40]: Running flatten...
DEBUG:flatten function #1:[21:21:40]: Successfully ran flatten!
DEBUG:linear projection function #1:[21:21:40]: Running linear projection...
DEBUG:linear projection function #1:[21:21:40]: Successfully ran linear projection!
DEBUG:projection layer #1:[21:21:40]: Successfully performed projection layer #1 forward function!
DEBUG:projection layer #2:[21:21:40]: Performing projection layer #2 forward function...
DEBUG:linear projection function #1:[21:21:40]: Running linear projection...
DEBUG:linear projection function #1:[21:21:40]: Successfully ran linear projection!
DEBUG:projection layer #2:[21:21:40]: Successfully performed projection layer #2 forward function!
DEBUG:image encoder:[21:21:40]: Successfully performed model forward pass!
DEBUG:image encoder:[21:21:40]: Performing model loss calculation...
DEBUG:binary cross entropy loss function:[21:21:40]: Running binary cross entropy loss...
DEBUG:binary cross entropy loss function:[21:21:40]: Successfully ran binary cross entropy loss!
DEBUG:image encoder:[21:21:40]: Successfully performed model loss calculation!
DEBUG:image encoder:[21:21:40]: Performing model loss backpropagation...
DEBUG:binary cross entropy loss function:[21:21:40]: Running binary cross entropy loss backward...
DEBUG:binary cross entropy loss function:[21:21:40]: Successfully ran binary cross entropy loss backward!
DEBUG:image encoder:[21:21:40]: Successfully performed model loss backpropagation!
DEBUG:image encoder:[21:21:40]: Performing model loss backpropagation...
DEBUG:projection layer #2:[21:21:40]: Performing projection layer #2 backward function...
DEBUG:linear projection function #1:[21:21:40]: Running linear projection backward...
DEBUG:linear projection function #1:[21:21:40]: Successfully ran linear projection backward!
DEBUG:projection layer #2:[21:21:40]: Successfully performed projection layer #2 backward function!
DEBUG:projection layer #1:[21:21:40]: Performing projection layer #1 backward function...
DEBUG:linear projection function #1:[21:21:40]: Running linear projection backward...
DEBUG:linear projection function #1:[21:21:40]: Successfully ran linear projection backward!
DEBUG:flatten function #1:[21:21:40]: Running unflatten...
DEBUG:flatten function #1:[21:21:40]: Successfully ran unflatten!
DEBUG:projection layer #1:[21:21:40]: Successfully performed projection layer #1 backward function!
DEBUG:convolution layer #4:[21:21:40]: Performing convolution layer #4 backward function...
DEBUG:pool function #1:[21:21:40]: Running unpool...
DEBUG:pool function #1:[21:21:40]: Successfully ran unpool!
DEBUG:relu function #1:[21:21:40]: Running relu backward...
DEBUG:relu function #1:[21:21:40]: Successfully ran relu backward!
DEBUG:conv2d function #1:[21:21:40]: Running conv2d backward...
DEBUG:conv2d function #1:[21:21:40]: Successfully ran conv2d backward!
DEBUG:convolution layer #4:[21:21:40]: Successfully performed convolution layer #4 backward function!
DEBUG:convolution layer #3:[21:21:40]: Performing convolution layer #3 backward function...
DEBUG:pool function #1:[21:21:40]: Running unpool...
DEBUG:pool function #1:[21:21:40]: Successfully ran unpool!
DEBUG:relu function #1:[21:21:40]: Running relu backward...
DEBUG:relu function #1:[21:21:40]: Successfully ran relu backward!
DEBUG:conv2d function #1:[21:21:40]: Running conv2d backward...
DEBUG:conv2d function #1:[21:21:40]: Successfully ran conv2d backward!
DEBUG:convolution layer #3:[21:21:40]: Successfully performed convolution layer #3 backward function!
DEBUG:convolution layer #2:[21:21:40]: Performing convolution layer #2 backward function...
DEBUG:pool function #1:[21:21:40]: Running unpool...
DEBUG:pool function #1:[21:21:40]: Successfully ran unpool!
DEBUG:relu function #1:[21:21:40]: Running relu backward...
DEBUG:relu function #1:[21:21:40]: Successfully ran relu backward!
DEBUG:conv2d function #1:[21:21:40]: Running conv2d backward...
DEBUG:conv2d function #1:[21:21:40]: Successfully ran conv2d backward!
DEBUG:convolution layer #2:[21:21:41]: Successfully performed convolution layer #2 backward function!
DEBUG:convolution layer #1:[21:21:41]: Performing convolution layer #1 backward function...
DEBUG:pool function #1:[21:21:41]: Running unpool...
DEBUG:pool function #1:[21:21:41]: Successfully ran unpool!
DEBUG:relu function #1:[21:21:41]: Running relu backward...
DEBUG:relu function #1:[21:21:41]: Successfully ran relu backward!
DEBUG:conv2d function #1:[21:21:41]: Running conv2d backward...
DEBUG:conv2d function #1:[21:21:41]: Successfully ran conv2d backward!
DEBUG:convolution layer #1:[21:21:41]: Successfully performed convolution layer #1 backward function!
DEBUG:image encoder:[21:21:41]: Successfully performed model backpropagation!
DEBUG:image encoder:[21:21:41]: Performing model update...
DEBUG:convolution layer #1:[21:21:41]: Performing ridge regression update function...
DEBUG:conv2d function #1:[21:21:41]: Updating conv2d learnable parameters...
DEBUG:conv2d function #1:[21:21:41]: Running ridge regression update...
DEBUG:conv2d function #1:[21:21:41]: Successfully ran ridge regression update!
DEBUG:conv2d function #1:[21:21:41]: Running basic update...
DEBUG:conv2d function #1:[21:21:41]: Successfully ran basic update!
DEBUG:conv2d function #1:[21:21:41]: Successfully updated the learnable parameters!
DEBUG:relu function #1:[21:21:41]: Updating relu learnable parameters...
DEBUG:relu function #1:[21:21:41]: Successfully updated the learnable parameters!
DEBUG:pool function #1:[21:21:41]: Updating pool learnable parameters...
DEBUG:pool function #1:[21:21:41]: Successfully updated the learnable parameters!
DEBUG:convolution layer #1:[21:21:41]: Successfully performed ridge regression update function!
DEBUG:convolution layer #2:[21:21:41]: Performing ridge regression update function...
DEBUG:conv2d function #1:[21:21:41]: Updating conv2d learnable parameters...
DEBUG:conv2d function #1:[21:21:41]: Running ridge regression update...
DEBUG:conv2d function #1:[21:21:41]: Successfully ran ridge regression update!
DEBUG:conv2d function #1:[21:21:41]: Running basic update...
DEBUG:conv2d function #1:[21:21:41]: Successfully ran basic update!
DEBUG:conv2d function #1:[21:21:41]: Successfully updated the learnable parameters!
DEBUG:relu function #1:[21:21:41]: Updating relu learnable parameters...
DEBUG:relu function #1:[21:21:41]: Successfully updated the learnable parameters!
DEBUG:pool function #1:[21:21:41]: Updating pool learnable parameters...
DEBUG:pool function #1:[21:21:41]: Successfully updated the learnable parameters!
DEBUG:convolution layer #2:[21:21:41]: Successfully performed ridge regression update function!
DEBUG:convolution layer #3:[21:21:41]: Performing ridge regression update function...
DEBUG:conv2d function #1:[21:21:41]: Updating conv2d learnable parameters...
DEBUG:conv2d function #1:[21:21:41]: Running ridge regression update...
DEBUG:conv2d function #1:[21:21:41]: Successfully ran ridge regression update!
DEBUG:conv2d function #1:[21:21:41]: Running basic update...
DEBUG:conv2d function #1:[21:21:41]: Successfully ran basic update!
DEBUG:conv2d function #1:[21:21:41]: Successfully updated the learnable parameters!
DEBUG:relu function #1:[21:21:41]: Updating relu learnable parameters...
DEBUG:relu function #1:[21:21:41]: Successfully updated the learnable parameters!
DEBUG:pool function #1:[21:21:41]: Updating pool learnable parameters...
DEBUG:pool function #1:[21:21:41]: Successfully updated the learnable parameters!
DEBUG:convolution layer #3:[21:21:41]: Successfully performed ridge regression update function!
DEBUG:convolution layer #4:[21:21:41]: Performing ridge regression update function...
DEBUG:conv2d function #1:[21:21:41]: Updating conv2d learnable parameters...
DEBUG:conv2d function #1:[21:21:41]: Running ridge regression update...
DEBUG:conv2d function #1:[21:21:41]: Successfully ran ridge regression update!
DEBUG:conv2d function #1:[21:21:41]: Running basic update...
DEBUG:conv2d function #1:[21:21:41]: Successfully ran basic update!
DEBUG:conv2d function #1:[21:21:41]: Successfully updated the learnable parameters!
DEBUG:relu function #1:[21:21:41]: Updating relu learnable parameters...
DEBUG:relu function #1:[21:21:41]: Successfully updated the learnable parameters!
DEBUG:pool function #1:[21:21:41]: Updating pool learnable parameters...
DEBUG:pool function #1:[21:21:41]: Successfully updated the learnable parameters!
DEBUG:convolution layer #4:[21:21:41]: Successfully performed ridge regression update function!
DEBUG:projection layer #1:[21:21:41]: Performing ridge regression update function...
DEBUG:flatten function #1:[21:21:41]: Updating flatten learnable parameters...
DEBUG:flatten function #1:[21:21:41]: Successfully updated the learnable parameters!
DEBUG:linear projection function #1:[21:21:41]: Updating linear projection learnable parameters...
DEBUG:linear projection function #1:[21:21:41]: Running ridge regression update...
DEBUG:linear projection function #1:[21:21:41]: Successfully ran ridge regression update!
DEBUG:linear projection function #1:[21:21:41]: Running basic update...
DEBUG:linear projection function #1:[21:21:41]: Successfully ran basic update!
DEBUG:linear projection function #1:[21:21:41]: Successfully updated the learnable parameters!
DEBUG:projection layer #1:[21:21:41]: Successfully performed ridge regression update function!
DEBUG:projection layer #2:[21:21:41]: Performing ridge regression update function...
DEBUG:linear projection function #1:[21:21:41]: Updating linear projection learnable parameters...
DEBUG:linear projection function #1:[21:21:41]: Running ridge regression update...
DEBUG:linear projection function #1:[21:21:41]: Successfully ran ridge regression update!
DEBUG:linear projection function #1:[21:21:41]: Running basic update...
DEBUG:linear projection function #1:[21:21:41]: Successfully ran basic update!
DEBUG:linear projection function #1:[21:21:41]: Successfully updated the learnable parameters!
DEBUG:projection layer #2:[21:21:41]: Successfully performed ridge regression update function!
DEBUG:image encoder:[21:21:41]: Successfully performed model update!
DEBUG:image encoder:[21:21:41]: Getting model prediction accuracy metrics...
INFO:image encoder:[21:21:41]: Performing model prediction...
DEBUG:image encoder:[21:21:41]: Successfully retrieved model prediction accuracy metrics!
DEBUG:image encoder:[21:21:41]: Successfully ran the training loop!
DEBUG:image encoder:[21:21:41]: Running the training loop...
DEBUG:image encoder:[21:21:41]: Running model forward pass...
DEBUG:convolution layer #1:[21:21:41]: Performing convolution layer #1 forward function...
DEBUG:conv2d function #1:[21:21:41]: Running conv2d...
DEBUG:conv2d function #1:[21:21:41]: Successfully ran conv2d!
DEBUG:relu function #1:[21:21:41]: Running relu...
DEBUG:relu function #1:[21:21:41]: Successfully ran relu!
DEBUG:pool function #1:[21:21:41]: Running pool...
DEBUG:pool function #1:[21:21:41]: Successfully ran pool!
DEBUG:convolution layer #1:[21:21:41]: Successfully performed convolution layer #1 forward function!
DEBUG:convolution layer #2:[21:21:41]: Performing convolution layer #2 forward function...
DEBUG:conv2d function #1:[21:21:41]: Running conv2d...
DEBUG:conv2d function #1:[21:21:42]: Successfully ran conv2d!
DEBUG:relu function #1:[21:21:42]: Running relu...
DEBUG:relu function #1:[21:21:42]: Successfully ran relu!
DEBUG:pool function #1:[21:21:42]: Running pool...
DEBUG:pool function #1:[21:21:42]: Successfully ran pool!
DEBUG:convolution layer #2:[21:21:42]: Successfully performed convolution layer #2 forward function!
DEBUG:convolution layer #3:[21:21:42]: Performing convolution layer #3 forward function...
DEBUG:conv2d function #1:[21:21:42]: Running conv2d...
DEBUG:conv2d function #1:[21:21:42]: Successfully ran conv2d!
DEBUG:relu function #1:[21:21:42]: Running relu...
DEBUG:relu function #1:[21:21:42]: Successfully ran relu!
DEBUG:pool function #1:[21:21:42]: Running pool...
DEBUG:pool function #1:[21:21:42]: Successfully ran pool!
DEBUG:convolution layer #3:[21:21:42]: Successfully performed convolution layer #3 forward function!
DEBUG:convolution layer #4:[21:21:42]: Performing convolution layer #4 forward function...
DEBUG:conv2d function #1:[21:21:42]: Running conv2d...
DEBUG:conv2d function #1:[21:21:42]: Successfully ran conv2d!
DEBUG:relu function #1:[21:21:42]: Running relu...
DEBUG:relu function #1:[21:21:42]: Successfully ran relu!
DEBUG:pool function #1:[21:21:42]: Running pool...
DEBUG:pool function #1:[21:21:42]: Successfully ran pool!
DEBUG:convolution layer #4:[21:21:42]: Successfully performed convolution layer #4 forward function!
DEBUG:projection layer #1:[21:21:42]: Performing projection layer #1 forward function...
DEBUG:flatten function #1:[21:21:42]: Running flatten...
DEBUG:flatten function #1:[21:21:42]: Successfully ran flatten!
DEBUG:linear projection function #1:[21:21:42]: Running linear projection...
DEBUG:linear projection function #1:[21:21:42]: Successfully ran linear projection!
DEBUG:projection layer #1:[21:21:42]: Successfully performed projection layer #1 forward function!
DEBUG:projection layer #2:[21:21:42]: Performing projection layer #2 forward function...
DEBUG:linear projection function #1:[21:21:42]: Running linear projection...
DEBUG:linear projection function #1:[21:21:42]: Successfully ran linear projection!
DEBUG:projection layer #2:[21:21:42]: Successfully performed projection layer #2 forward function!
DEBUG:image encoder:[21:21:42]: Successfully performed model forward pass!
DEBUG:image encoder:[21:21:42]: Performing model loss calculation...
DEBUG:binary cross entropy loss function:[21:21:42]: Running binary cross entropy loss...
DEBUG:binary cross entropy loss function:[21:21:42]: Successfully ran binary cross entropy loss!
DEBUG:image encoder:[21:21:42]: Successfully performed model loss calculation!
DEBUG:image encoder:[21:21:42]: Performing model loss backpropagation...
DEBUG:binary cross entropy loss function:[21:21:42]: Running binary cross entropy loss backward...
DEBUG:binary cross entropy loss function:[21:21:42]: Successfully ran binary cross entropy loss backward!
DEBUG:image encoder:[21:21:42]: Successfully performed model loss backpropagation!
DEBUG:image encoder:[21:21:42]: Performing model loss backpropagation...
DEBUG:projection layer #2:[21:21:42]: Performing projection layer #2 backward function...
DEBUG:linear projection function #1:[21:21:42]: Running linear projection backward...
DEBUG:linear projection function #1:[21:21:42]: Successfully ran linear projection backward!
DEBUG:projection layer #2:[21:21:42]: Successfully performed projection layer #2 backward function!
DEBUG:projection layer #1:[21:21:42]: Performing projection layer #1 backward function...
DEBUG:linear projection function #1:[21:21:42]: Running linear projection backward...
DEBUG:linear projection function #1:[21:21:42]: Successfully ran linear projection backward!
DEBUG:flatten function #1:[21:21:42]: Running unflatten...
DEBUG:flatten function #1:[21:21:42]: Successfully ran unflatten!
DEBUG:projection layer #1:[21:21:42]: Successfully performed projection layer #1 backward function!
DEBUG:convolution layer #4:[21:21:42]: Performing convolution layer #4 backward function...
DEBUG:pool function #1:[21:21:42]: Running unpool...
DEBUG:pool function #1:[21:21:42]: Successfully ran unpool!
DEBUG:relu function #1:[21:21:42]: Running relu backward...
DEBUG:relu function #1:[21:21:42]: Successfully ran relu backward!
DEBUG:conv2d function #1:[21:21:42]: Running conv2d backward...
DEBUG:conv2d function #1:[21:21:42]: Successfully ran conv2d backward!
DEBUG:convolution layer #4:[21:21:42]: Successfully performed convolution layer #4 backward function!
DEBUG:convolution layer #3:[21:21:42]: Performing convolution layer #3 backward function...
DEBUG:pool function #1:[21:21:42]: Running unpool...
DEBUG:pool function #1:[21:21:42]: Successfully ran unpool!
DEBUG:relu function #1:[21:21:42]: Running relu backward...
DEBUG:relu function #1:[21:21:42]: Successfully ran relu backward!
DEBUG:conv2d function #1:[21:21:42]: Running conv2d backward...
DEBUG:conv2d function #1:[21:21:42]: Successfully ran conv2d backward!
DEBUG:convolution layer #3:[21:21:42]: Successfully performed convolution layer #3 backward function!
DEBUG:convolution layer #2:[21:21:42]: Performing convolution layer #2 backward function...
DEBUG:pool function #1:[21:21:42]: Running unpool...
DEBUG:pool function #1:[21:21:42]: Successfully ran unpool!
DEBUG:relu function #1:[21:21:42]: Running relu backward...
DEBUG:relu function #1:[21:21:42]: Successfully ran relu backward!
DEBUG:conv2d function #1:[21:21:42]: Running conv2d backward...
DEBUG:conv2d function #1:[21:21:42]: Successfully ran conv2d backward!
DEBUG:convolution layer #2:[21:21:42]: Successfully performed convolution layer #2 backward function!
DEBUG:convolution layer #1:[21:21:42]: Performing convolution layer #1 backward function...
DEBUG:pool function #1:[21:21:42]: Running unpool...
DEBUG:pool function #1:[21:21:43]: Successfully ran unpool!
DEBUG:relu function #1:[21:21:43]: Running relu backward...
DEBUG:relu function #1:[21:21:43]: Successfully ran relu backward!
DEBUG:conv2d function #1:[21:21:43]: Running conv2d backward...
DEBUG:conv2d function #1:[21:21:43]: Successfully ran conv2d backward!
DEBUG:convolution layer #1:[21:21:43]: Successfully performed convolution layer #1 backward function!
DEBUG:image encoder:[21:21:43]: Successfully performed model backpropagation!
DEBUG:image encoder:[21:21:43]: Performing model update...
DEBUG:convolution layer #1:[21:21:43]: Performing ridge regression update function...
DEBUG:conv2d function #1:[21:21:43]: Updating conv2d learnable parameters...
DEBUG:conv2d function #1:[21:21:43]: Running ridge regression update...
DEBUG:conv2d function #1:[21:21:43]: Successfully ran ridge regression update!
DEBUG:conv2d function #1:[21:21:43]: Running basic update...
DEBUG:conv2d function #1:[21:21:43]: Successfully ran basic update!
DEBUG:conv2d function #1:[21:21:43]: Successfully updated the learnable parameters!
DEBUG:relu function #1:[21:21:43]: Updating relu learnable parameters...
DEBUG:relu function #1:[21:21:43]: Successfully updated the learnable parameters!
DEBUG:pool function #1:[21:21:43]: Updating pool learnable parameters...
DEBUG:pool function #1:[21:21:43]: Successfully updated the learnable parameters!
DEBUG:convolution layer #1:[21:21:43]: Successfully performed ridge regression update function!
DEBUG:convolution layer #2:[21:21:43]: Performing ridge regression update function...
DEBUG:conv2d function #1:[21:21:43]: Updating conv2d learnable parameters...
DEBUG:conv2d function #1:[21:21:43]: Running ridge regression update...
DEBUG:conv2d function #1:[21:21:43]: Successfully ran ridge regression update!
DEBUG:conv2d function #1:[21:21:43]: Running basic update...
DEBUG:conv2d function #1:[21:21:43]: Successfully ran basic update!
DEBUG:conv2d function #1:[21:21:43]: Successfully updated the learnable parameters!
DEBUG:relu function #1:[21:21:43]: Updating relu learnable parameters...
DEBUG:relu function #1:[21:21:43]: Successfully updated the learnable parameters!
DEBUG:pool function #1:[21:21:43]: Updating pool learnable parameters...
DEBUG:pool function #1:[21:21:43]: Successfully updated the learnable parameters!
DEBUG:convolution layer #2:[21:21:43]: Successfully performed ridge regression update function!
DEBUG:convolution layer #3:[21:21:43]: Performing ridge regression update function...
DEBUG:conv2d function #1:[21:21:43]: Updating conv2d learnable parameters...
DEBUG:conv2d function #1:[21:21:43]: Running ridge regression update...
DEBUG:conv2d function #1:[21:21:43]: Successfully ran ridge regression update!
DEBUG:conv2d function #1:[21:21:43]: Running basic update...
DEBUG:conv2d function #1:[21:21:43]: Successfully ran basic update!
DEBUG:conv2d function #1:[21:21:43]: Successfully updated the learnable parameters!
DEBUG:relu function #1:[21:21:43]: Updating relu learnable parameters...
DEBUG:relu function #1:[21:21:43]: Successfully updated the learnable parameters!
DEBUG:pool function #1:[21:21:43]: Updating pool learnable parameters...
DEBUG:pool function #1:[21:21:43]: Successfully updated the learnable parameters!
DEBUG:convolution layer #3:[21:21:43]: Successfully performed ridge regression update function!
DEBUG:convolution layer #4:[21:21:43]: Performing ridge regression update function...
DEBUG:conv2d function #1:[21:21:43]: Updating conv2d learnable parameters...
DEBUG:conv2d function #1:[21:21:43]: Running ridge regression update...
DEBUG:conv2d function #1:[21:21:43]: Successfully ran ridge regression update!
DEBUG:conv2d function #1:[21:21:43]: Running basic update...
DEBUG:conv2d function #1:[21:21:43]: Successfully ran basic update!
DEBUG:conv2d function #1:[21:21:43]: Successfully updated the learnable parameters!
DEBUG:relu function #1:[21:21:43]: Updating relu learnable parameters...
DEBUG:relu function #1:[21:21:43]: Successfully updated the learnable parameters!
DEBUG:pool function #1:[21:21:43]: Updating pool learnable parameters...
DEBUG:pool function #1:[21:21:43]: Successfully updated the learnable parameters!
DEBUG:convolution layer #4:[21:21:43]: Successfully performed ridge regression update function!
DEBUG:projection layer #1:[21:21:43]: Performing ridge regression update function...
DEBUG:flatten function #1:[21:21:43]: Updating flatten learnable parameters...
DEBUG:flatten function #1:[21:21:43]: Successfully updated the learnable parameters!
DEBUG:linear projection function #1:[21:21:43]: Updating linear projection learnable parameters...
DEBUG:linear projection function #1:[21:21:43]: Running ridge regression update...
DEBUG:linear projection function #1:[21:21:43]: Successfully ran ridge regression update!
DEBUG:linear projection function #1:[21:21:43]: Running basic update...
DEBUG:linear projection function #1:[21:21:43]: Successfully ran basic update!
DEBUG:linear projection function #1:[21:21:43]: Successfully updated the learnable parameters!
DEBUG:projection layer #1:[21:21:43]: Successfully performed ridge regression update function!
DEBUG:projection layer #2:[21:21:43]: Performing ridge regression update function...
DEBUG:linear projection function #1:[21:21:43]: Updating linear projection learnable parameters...
DEBUG:linear projection function #1:[21:21:43]: Running ridge regression update...
DEBUG:linear projection function #1:[21:21:43]: Successfully ran ridge regression update!
DEBUG:linear projection function #1:[21:21:43]: Running basic update...
DEBUG:linear projection function #1:[21:21:43]: Successfully ran basic update!
DEBUG:linear projection function #1:[21:21:43]: Successfully updated the learnable parameters!
DEBUG:projection layer #2:[21:21:43]: Successfully performed ridge regression update function!
DEBUG:image encoder:[21:21:43]: Successfully performed model update!
DEBUG:image encoder:[21:21:43]: Getting model prediction accuracy metrics...
INFO:image encoder:[21:21:43]: Performing model prediction...
DEBUG:image encoder:[21:21:43]: Successfully retrieved model prediction accuracy metrics!
DEBUG:image encoder:[21:21:43]: Successfully ran the training loop!
DEBUG:image encoder:[21:21:43]: Running the training loop...
DEBUG:image encoder:[21:21:43]: Running model forward pass...
DEBUG:convolution layer #1:[21:21:43]: Performing convolution layer #1 forward function...
DEBUG:conv2d function #1:[21:21:43]: Running conv2d...
DEBUG:conv2d function #1:[21:21:43]: Successfully ran conv2d!
DEBUG:relu function #1:[21:21:43]: Running relu...
DEBUG:relu function #1:[21:21:43]: Successfully ran relu!
DEBUG:pool function #1:[21:21:43]: Running pool...
DEBUG:pool function #1:[21:21:43]: Successfully ran pool!
DEBUG:convolution layer #1:[21:21:43]: Successfully performed convolution layer #1 forward function!
DEBUG:convolution layer #2:[21:21:43]: Performing convolution layer #2 forward function...
DEBUG:conv2d function #1:[21:21:43]: Running conv2d...
DEBUG:conv2d function #1:[21:21:43]: Successfully ran conv2d!
DEBUG:relu function #1:[21:21:43]: Running relu...
DEBUG:relu function #1:[21:21:43]: Successfully ran relu!
DEBUG:pool function #1:[21:21:43]: Running pool...
DEBUG:pool function #1:[21:21:43]: Successfully ran pool!
DEBUG:convolution layer #2:[21:21:43]: Successfully performed convolution layer #2 forward function!
DEBUG:convolution layer #3:[21:21:43]: Performing convolution layer #3 forward function...
DEBUG:conv2d function #1:[21:21:43]: Running conv2d...
DEBUG:conv2d function #1:[21:21:43]: Successfully ran conv2d!
DEBUG:relu function #1:[21:21:43]: Running relu...
DEBUG:relu function #1:[21:21:43]: Successfully ran relu!
DEBUG:pool function #1:[21:21:43]: Running pool...
DEBUG:pool function #1:[21:21:43]: Successfully ran pool!
DEBUG:convolution layer #3:[21:21:43]: Successfully performed convolution layer #3 forward function!
DEBUG:convolution layer #4:[21:21:43]: Performing convolution layer #4 forward function...
DEBUG:conv2d function #1:[21:21:43]: Running conv2d...
DEBUG:conv2d function #1:[21:21:43]: Successfully ran conv2d!
DEBUG:relu function #1:[21:21:43]: Running relu...
DEBUG:relu function #1:[21:21:43]: Successfully ran relu!
DEBUG:pool function #1:[21:21:43]: Running pool...
DEBUG:pool function #1:[21:21:43]: Successfully ran pool!
DEBUG:convolution layer #4:[21:21:43]: Successfully performed convolution layer #4 forward function!
DEBUG:projection layer #1:[21:21:43]: Performing projection layer #1 forward function...
DEBUG:flatten function #1:[21:21:43]: Running flatten...
DEBUG:flatten function #1:[21:21:43]: Successfully ran flatten!
DEBUG:linear projection function #1:[21:21:43]: Running linear projection...
DEBUG:linear projection function #1:[21:21:43]: Successfully ran linear projection!
DEBUG:projection layer #1:[21:21:43]: Successfully performed projection layer #1 forward function!
DEBUG:projection layer #2:[21:21:43]: Performing projection layer #2 forward function...
DEBUG:linear projection function #1:[21:21:43]: Running linear projection...
DEBUG:linear projection function #1:[21:21:43]: Successfully ran linear projection!
DEBUG:projection layer #2:[21:21:43]: Successfully performed projection layer #2 forward function!
DEBUG:image encoder:[21:21:43]: Successfully performed model forward pass!
DEBUG:image encoder:[21:21:43]: Performing model loss calculation...
DEBUG:binary cross entropy loss function:[21:21:43]: Running binary cross entropy loss...
DEBUG:binary cross entropy loss function:[21:21:43]: Successfully ran binary cross entropy loss!
DEBUG:image encoder:[21:21:43]: Successfully performed model loss calculation!
DEBUG:image encoder:[21:21:43]: Performing model loss backpropagation...
DEBUG:binary cross entropy loss function:[21:21:43]: Running binary cross entropy loss backward...
DEBUG:binary cross entropy loss function:[21:21:43]: Successfully ran binary cross entropy loss backward!
DEBUG:image encoder:[21:21:43]: Successfully performed model loss backpropagation!
DEBUG:image encoder:[21:21:43]: Performing model loss backpropagation...
DEBUG:projection layer #2:[21:21:43]: Performing projection layer #2 backward function...
DEBUG:linear projection function #1:[21:21:43]: Running linear projection backward...
DEBUG:linear projection function #1:[21:21:43]: Successfully ran linear projection backward!
DEBUG:projection layer #2:[21:21:43]: Successfully performed projection layer #2 backward function!
DEBUG:projection layer #1:[21:21:43]: Performing projection layer #1 backward function...
DEBUG:linear projection function #1:[21:21:43]: Running linear projection backward...
DEBUG:linear projection function #1:[21:21:43]: Successfully ran linear projection backward!
DEBUG:flatten function #1:[21:21:43]: Running unflatten...
DEBUG:flatten function #1:[21:21:43]: Successfully ran unflatten!
DEBUG:projection layer #1:[21:21:43]: Successfully performed projection layer #1 backward function!
DEBUG:convolution layer #4:[21:21:43]: Performing convolution layer #4 backward function...
DEBUG:pool function #1:[21:21:43]: Running unpool...
DEBUG:pool function #1:[21:21:43]: Successfully ran unpool!
DEBUG:relu function #1:[21:21:43]: Running relu backward...
DEBUG:relu function #1:[21:21:43]: Successfully ran relu backward!
DEBUG:conv2d function #1:[21:21:43]: Running conv2d backward...
DEBUG:conv2d function #1:[21:21:43]: Successfully ran conv2d backward!
DEBUG:convolution layer #4:[21:21:43]: Successfully performed convolution layer #4 backward function!
DEBUG:convolution layer #3:[21:21:43]: Performing convolution layer #3 backward function...
DEBUG:pool function #1:[21:21:43]: Running unpool...
DEBUG:pool function #1:[21:21:43]: Successfully ran unpool!
DEBUG:relu function #1:[21:21:43]: Running relu backward...
DEBUG:relu function #1:[21:21:43]: Successfully ran relu backward!
DEBUG:conv2d function #1:[21:21:43]: Running conv2d backward...
DEBUG:conv2d function #1:[21:21:43]: Successfully ran conv2d backward!
DEBUG:convolution layer #3:[21:21:43]: Successfully performed convolution layer #3 backward function!
DEBUG:convolution layer #2:[21:21:43]: Performing convolution layer #2 backward function...
DEBUG:pool function #1:[21:21:43]: Running unpool...
DEBUG:pool function #1:[21:21:43]: Successfully ran unpool!
DEBUG:relu function #1:[21:21:43]: Running relu backward...
DEBUG:relu function #1:[21:21:43]: Successfully ran relu backward!
DEBUG:conv2d function #1:[21:21:43]: Running conv2d backward...
DEBUG:conv2d function #1:[21:21:44]: Successfully ran conv2d backward!
DEBUG:convolution layer #2:[21:21:44]: Successfully performed convolution layer #2 backward function!
DEBUG:convolution layer #1:[21:21:44]: Performing convolution layer #1 backward function...
DEBUG:pool function #1:[21:21:44]: Running unpool...
DEBUG:pool function #1:[21:21:44]: Successfully ran unpool!
DEBUG:relu function #1:[21:21:44]: Running relu backward...
DEBUG:relu function #1:[21:21:44]: Successfully ran relu backward!
DEBUG:conv2d function #1:[21:21:44]: Running conv2d backward...
DEBUG:conv2d function #1:[21:21:44]: Successfully ran conv2d backward!
DEBUG:convolution layer #1:[21:21:44]: Successfully performed convolution layer #1 backward function!
DEBUG:image encoder:[21:21:44]: Successfully performed model backpropagation!
DEBUG:image encoder:[21:21:44]: Performing model update...
DEBUG:convolution layer #1:[21:21:44]: Performing ridge regression update function...
DEBUG:conv2d function #1:[21:21:44]: Updating conv2d learnable parameters...
DEBUG:conv2d function #1:[21:21:44]: Running ridge regression update...
DEBUG:conv2d function #1:[21:21:44]: Successfully ran ridge regression update!
DEBUG:conv2d function #1:[21:21:44]: Running basic update...
DEBUG:conv2d function #1:[21:21:44]: Successfully ran basic update!
DEBUG:conv2d function #1:[21:21:44]: Successfully updated the learnable parameters!
DEBUG:relu function #1:[21:21:44]: Updating relu learnable parameters...
DEBUG:relu function #1:[21:21:44]: Successfully updated the learnable parameters!
DEBUG:pool function #1:[21:21:44]: Updating pool learnable parameters...
DEBUG:pool function #1:[21:21:44]: Successfully updated the learnable parameters!
DEBUG:convolution layer #1:[21:21:44]: Successfully performed ridge regression update function!
DEBUG:convolution layer #2:[21:21:44]: Performing ridge regression update function...
DEBUG:conv2d function #1:[21:21:44]: Updating conv2d learnable parameters...
DEBUG:conv2d function #1:[21:21:44]: Running ridge regression update...
DEBUG:conv2d function #1:[21:21:44]: Successfully ran ridge regression update!
DEBUG:conv2d function #1:[21:21:44]: Running basic update...
DEBUG:conv2d function #1:[21:21:44]: Successfully ran basic update!
DEBUG:conv2d function #1:[21:21:44]: Successfully updated the learnable parameters!
DEBUG:relu function #1:[21:21:44]: Updating relu learnable parameters...
DEBUG:relu function #1:[21:21:44]: Successfully updated the learnable parameters!
DEBUG:pool function #1:[21:21:44]: Updating pool learnable parameters...
DEBUG:pool function #1:[21:21:44]: Successfully updated the learnable parameters!
DEBUG:convolution layer #2:[21:21:44]: Successfully performed ridge regression update function!
DEBUG:convolution layer #3:[21:21:44]: Performing ridge regression update function...
DEBUG:conv2d function #1:[21:21:44]: Updating conv2d learnable parameters...
DEBUG:conv2d function #1:[21:21:44]: Running ridge regression update...
DEBUG:conv2d function #1:[21:21:44]: Successfully ran ridge regression update!
DEBUG:conv2d function #1:[21:21:44]: Running basic update...
DEBUG:conv2d function #1:[21:21:44]: Successfully ran basic update!
DEBUG:conv2d function #1:[21:21:44]: Successfully updated the learnable parameters!
DEBUG:relu function #1:[21:21:44]: Updating relu learnable parameters...
DEBUG:relu function #1:[21:21:44]: Successfully updated the learnable parameters!
DEBUG:pool function #1:[21:21:44]: Updating pool learnable parameters...
DEBUG:pool function #1:[21:21:44]: Successfully updated the learnable parameters!
DEBUG:convolution layer #3:[21:21:44]: Successfully performed ridge regression update function!
DEBUG:convolution layer #4:[21:21:44]: Performing ridge regression update function...
DEBUG:conv2d function #1:[21:21:44]: Updating conv2d learnable parameters...
DEBUG:conv2d function #1:[21:21:44]: Running ridge regression update...
DEBUG:conv2d function #1:[21:21:44]: Successfully ran ridge regression update!
DEBUG:conv2d function #1:[21:21:44]: Running basic update...
DEBUG:conv2d function #1:[21:21:44]: Successfully ran basic update!
DEBUG:conv2d function #1:[21:21:44]: Successfully updated the learnable parameters!
DEBUG:relu function #1:[21:21:44]: Updating relu learnable parameters...
DEBUG:relu function #1:[21:21:44]: Successfully updated the learnable parameters!
DEBUG:pool function #1:[21:21:44]: Updating pool learnable parameters...
DEBUG:pool function #1:[21:21:44]: Successfully updated the learnable parameters!
DEBUG:convolution layer #4:[21:21:44]: Successfully performed ridge regression update function!
DEBUG:projection layer #1:[21:21:44]: Performing ridge regression update function...
DEBUG:flatten function #1:[21:21:44]: Updating flatten learnable parameters...
DEBUG:flatten function #1:[21:21:44]: Successfully updated the learnable parameters!
DEBUG:linear projection function #1:[21:21:44]: Updating linear projection learnable parameters...
DEBUG:linear projection function #1:[21:21:44]: Running ridge regression update...
DEBUG:linear projection function #1:[21:21:44]: Successfully ran ridge regression update!
DEBUG:linear projection function #1:[21:21:44]: Running basic update...
DEBUG:linear projection function #1:[21:21:44]: Successfully ran basic update!
DEBUG:linear projection function #1:[21:21:44]: Successfully updated the learnable parameters!
DEBUG:projection layer #1:[21:21:44]: Successfully performed ridge regression update function!
DEBUG:projection layer #2:[21:21:44]: Performing ridge regression update function...
DEBUG:linear projection function #1:[21:21:44]: Updating linear projection learnable parameters...
DEBUG:linear projection function #1:[21:21:44]: Running ridge regression update...
DEBUG:linear projection function #1:[21:21:44]: Successfully ran ridge regression update!
DEBUG:linear projection function #1:[21:21:44]: Running basic update...
DEBUG:linear projection function #1:[21:21:44]: Successfully ran basic update!
DEBUG:linear projection function #1:[21:21:44]: Successfully updated the learnable parameters!
DEBUG:projection layer #2:[21:21:44]: Successfully performed ridge regression update function!
DEBUG:image encoder:[21:21:44]: Successfully performed model update!
DEBUG:image encoder:[21:21:44]: Getting model prediction accuracy metrics...
INFO:image encoder:[21:21:44]: Performing model prediction...
DEBUG:image encoder:[21:21:44]: Successfully retrieved model prediction accuracy metrics!
DEBUG:image encoder:[21:21:44]: Successfully ran the training loop!
